// Jest Snapshot v1, https://goo.gl/fbAQLP

exports[`Testing Bigbutton component renders as expected 1`] = `
<View
  accessible={true}
  isTVSelectable={true}
  onResponderGrant={[Function]}
  onResponderMove={[Function]}
  onResponderRelease={[Function]}
  onResponderTerminate={[Function]}
  onResponderTerminationRequest={[Function]}
  onStartShouldSetResponder={[Function]}
  style={
    Object {
      "height": 50,
      "opacity": 1,
      "width": 300,
    }
  }
>
  <View
    style={
      Object {
        "alignItems": "center",
        "backgroundColor": "#00b7e3",
        "borderRadius": 4,
        "height": 50,
        "justifyContent": "center",
        "width": 300,
      }
    }
  >
    <Text
      accessible={true}
      allowFontScaling={true}
      ellipsizeMode="tail"
      style={
        Object {
          "color": "#fff",
          "fontSize": 18,
        }
      }
    />
  </View>
</View>
`;
